#./src/main/resources/Entities.map
#Tue Feb 19 13:49:40 CET 2019
float4=128
float3=127
float2=126
message4=117
float1=125
message3=116
message2=115
message1=114
socialProfile1=91
configuration1=138
trashBoxA2=95
trashBoxA1=94
spamBoxA2=111
spamBoxA1=110
trashBoxM2=93
trashBoxM1=92
request3=134
request2=133
request1=132
enrolment3=137
enrolment2=136
enrolment1=135
brotherhood4=90
area3=131
brotherhood3=89
member3=86
area2=130
brotherhood2=88
member2=85
area1=129
brotherhood1=87
member1=84
outBoxB2=109
outBoxB1=108
admin=81
inBoxB2=103
procession4=124
inBoxB1=102
procession3=123
procession2=122
procession1=121
administrator2=83
administrator1=82
userAccount9=78
box2=113
userAccount8=77
box1=112
userAccount7=76
userAccount6=75
userAccount5=74
outBoxA2=105
userAccount4=73
outBoxA1=104
userAccount3=72
userAccount2=71
userAccount1=70
trashBoxB2=97
trashBoxB1=96
outBoxM2=107
outBoxM1=106
inBoxA2=99
inBoxA1=98
userAccount11=80
userAccount10=79
finder3=120
finder2=119
finder1=118
inBoxM2=101
inBoxM1=100
