#./src/main/resources/Entities.map
#Thu Feb 21 15:30:25 CET 2019
float4=130
float3=129
float2=128
message4=119
float1=127
message3=118
message2=117
message1=116
socialProfile1=93
configuration1=142
trashBoxA2=97
trashBoxA1=96
spamBoxA2=113
spamBoxA1=112
trashBoxM2=95
trashBoxM1=94
request3=136
request2=135
request1=134
enrolment5=141
enrolment4=140
enrolment3=139
enrolment2=138
enrolment1=137
brotherhood4=92
area3=133
brotherhood3=91
member3=88
area2=132
brotherhood2=90
member2=87
area1=131
brotherhood1=89
member1=86
outBoxB2=111
outBoxB1=110
admin=83
inBoxB2=105
procession4=126
inBoxB1=104
procession3=125
procession2=124
procession1=123
administrator2=85
administrator1=84
userAccount9=80
box2=115
userAccount8=79
box1=114
userAccount7=78
userAccount6=77
userAccount5=76
outBoxA2=107
userAccount4=75
outBoxA1=106
userAccount3=74
userAccount2=73
userAccount1=72
trashBoxB2=99
trashBoxB1=98
outBoxM2=109
outBoxM1=108
inBoxA2=101
inBoxA1=100
userAccount11=82
userAccount10=81
finder3=122
finder2=121
finder1=120
inBoxM2=103
inBoxM1=102
